// Jest Snapshot v1, https://goo.gl/fbAQLP

exports[`ho-review-view it renders ReviewApplication view correctly for HOApprovalPassed state 1`] = `
<div>
  <div
    data-testid="soletojoint-ReviewApplication"
  >
    <h1
      class="lbh-heading-h1"
    >
      Sole tenant requests a joint tenure
    </h1>
    <h2
      class="lbh-heading-h2 entity-summary__tenure-heading"
    >
      <div>
        Tenure payment ref
         
        mt0xzvjp6g
      </div>
      <div>
        72251 Champlin Trafficway, 99647
      </div>
      <div>
        <a
          class="govuk-link lbh-link lbh-link--no-visited-state"
          href="/person/a302fe28-e5c3-4c84-a3e6-cd575e65093f"
          target="_blank"
        >
          Global Web Consultant Alverta Denesik
        </a>
      </div>
    </h2>
    <div
      class="mtfh-box mtfh-box--success"
    >
      <div
        class="mtfh-status-heading"
      >
        <svg
          fill="none"
          height="45"
          viewBox="0 0 45 45"
          width="45"
          xmlns="http://www.w3.org/2000/svg"
        >
          <circle
            cx="22.5"
            cy="22.5"
            fill="white"
            r="21.75"
            stroke="#00664F"
            stroke-width="1.5"
          />
          <path
            clip-rule="evenodd"
            d="M35 15.5127L18.775 33L11 24.6201L14.2591 21.1074L18.775 25.9746L31.7409 12L35 15.5127Z"
            fill="#00664F"
            fill-rule="evenodd"
          />
        </svg>
        <h4
          class="lbh-heading-h4 mtfh-status-heading__title"
        >
          Eligibility checks passed
        </h4>
      </div>
      <div
        class="govuk-link lbh-link lbh-link--no-visited-state"
        style="padding-left: 60px; margin-top: 17.5px;"
      >
        <a
          class="govuk-link lbh-link lbh-link--no-visited-state"
          href="/processes/soletojoint/e63e68c7-84b0-3a48-b450-896e2c3d7735"
        >
          Show all eligibility checks
        </a>
      </div>
    </div>
    <div
      class="mtfh-box mtfh-box--success"
    >
      <div
        class="mtfh-status-heading"
      >
        <svg
          fill="none"
          height="45"
          viewBox="0 0 45 45"
          width="45"
          xmlns="http://www.w3.org/2000/svg"
        >
          <circle
            cx="22.5"
            cy="22.5"
            fill="white"
            r="21.75"
            stroke="#00664F"
            stroke-width="1.5"
          />
          <path
            clip-rule="evenodd"
            d="M35 15.5127L18.775 33L11 24.6201L14.2591 21.1074L18.775 25.9746L31.7409 12L35 15.5127Z"
            fill="#00664F"
            fill-rule="evenodd"
          />
        </svg>
        <h4
          class="lbh-heading-h4 mtfh-status-heading__title"
        >
          Supporting documents approved
        </h4>
      </div>
      <div
        class="govuk-link lbh-link lbh-link--no-visited-state"
        style="margin-left: 60px; margin-top: 17.5px;"
      >
        <a
          class="govuk-link lbh-link lbh-link--no-visited-state"
          href="http://des/teams/1/dashboard/requests"
          target="_blank"
        >
          View documents on the Document Evidence Store
        </a>
      </div>
    </div>
    <div
      class="mtfh-box"
    >
      <div
        class="mtfh-status-heading"
      >
        <svg
          fill="none"
          height="45"
          viewBox="0 0 45 45"
          width="45"
          xmlns="http://www.w3.org/2000/svg"
        >
          <circle
            cx="22.5"
            cy="22.5"
            fill="white"
            r="21.75"
            stroke="#0B0C0C"
            stroke-width="1.5"
          />
          <path
            d="M20.2251 12.7026C20.2251 11.1991 21.0627 10.4473 22.7378 10.4473C24.4129 10.4473 25.2505 11.1991 25.2505 12.7026C25.2505 13.4191 25.0386 13.9792 24.6147 14.3828C24.201 14.7764 23.5754 14.9731 22.7378 14.9731C21.0627 14.9731 20.2251 14.2163 20.2251 12.7026ZM25.0386 34H20.4219V17.0771H25.0386V34Z"
            fill="#0B0C0C"
          />
        </svg>
        <h4
          class="lbh-heading-h4 mtfh-status-heading__title"
        >
          Tenure investigator recommendation: Interview Applicant
        </h4>
      </div>
    </div>
    <p
      class="lbh-body-s"
    >
      Global Web Consultant Alverta Denesik
       contact details:
    </p>
    <p
      class="lbh-body-s"
    >
      Phone:
      <span
        style="margin-left: 1em;"
      >
        075949281
      </span>
    </p>
    <p
      class="lbh-body-s"
    >
      Email:
      <span
        style="margin-left: 1em;"
      >
        Gay.Jacobi@hotmail.com
      </span>
    </p>
    <div
      class="mtfh-box mtfh-box--success"
    >
      <div
        class="mtfh-status-heading"
      >
        <svg
          fill="none"
          height="45"
          viewBox="0 0 45 45"
          width="45"
          xmlns="http://www.w3.org/2000/svg"
        >
          <circle
            cx="22.5"
            cy="22.5"
            fill="white"
            r="21.75"
            stroke="#00664F"
            stroke-width="1.5"
          />
          <path
            clip-rule="evenodd"
            d="M35 15.5127L18.775 33L11 24.6201L14.2591 21.1074L18.775 25.9746L31.7409 12L35 15.5127Z"
            fill="#00664F"
            fill-rule="evenodd"
          />
        </svg>
        <h4
          class="lbh-heading-h4 mtfh-status-heading__title"
        >
          Sole to joint tenure application approved
        </h4>
      </div>
    </div>
    <h2
      class="lbh-heading-h2"
    >
      Sole to Joint application approved, next steps:
    </h2>
    <p
      class="lbh-body-m"
    >
      You must make an office appointment with the applicant to sign a new tenancy agreement
    </p>
    <form
      action="#"
      class="request-appointment-form"
      id="request-appointment-form"
      novalidate=""
    >
      <div
        style="display: flex;"
      >
        <fieldset
          class="govuk-form-group lbh-form-group mtfh-appointment-form__date"
          id="appointment-form-date"
          style="margin-top: 1.5em; width: 100%;"
        >
          <legend
            class="govuk-label lbh-label"
            for="appointment-form-date-field"
          >
            Date
            <sup
              aria-hidden="true"
            >
              *
            </sup>
          </legend>
          <div
            class="govuk-date-input lbh-date-input"
          >
            <div
              class="govuk-date-input__item"
            >
              <label
                class="govuk-label lbh-label"
                for="appointment-form-date-field-day"
              />
              <input
                aria-label="Day"
                aria-valuemax="31"
                aria-valuemin="1"
                class="govuk-input lbh-input govuk-date-input__input govuk-input--width-2"
                name="day"
                placeholder="dd"
                required=""
                role="spinbutton"
                value=""
              />
            </div>
            <div
              class="govuk-date-input__item"
            >
              <label
                class="govuk-label lbh-label"
                for="appointment-form-date-field-month"
              />
              <input
                aria-label="Month"
                aria-valuemax="12"
                aria-valuemin="1"
                class="govuk-input lbh-input govuk-date-input__input govuk-input--width-2"
                name="month"
                placeholder="mm"
                required=""
                role="spinbutton"
                value=""
              />
            </div>
            <div
              class="govuk-date-input__item"
            >
              <label
                class="govuk-label lbh-label"
                for="appointment-form-date-field-year"
              />
              <input
                aria-label="Year"
                class="govuk-input lbh-input govuk-input govuk-date-input__input govuk-input--width-4"
                name="year"
                placeholder="yy"
                required=""
                role="spinbutton"
                value=""
              />
            </div>
          </div>
        </fieldset>
        <fieldset
          class="govuk-form-group lbh-form-group mtfh-appointment-form__time"
          id="appointment-form-time"
          style="margin-top: 1.5em; width: 100%;"
        >
          <legend
            class="govuk-label lbh-label"
            for="appointment-form-time-field"
          >
            Time
            <sup
              aria-hidden="true"
            >
              *
            </sup>
          </legend>
          <div
            class="govuk-date-input lbh-date-input"
          >
            <div
              class="govuk-date-input__item"
            >
              <label
                class="govuk-label lbh-label"
                for="appointment-form-time-field-hour"
              />
              <input
                aria-label="Hour"
                aria-valuemax="12"
                aria-valuemin="0"
                class="govuk-input lbh-input govuk-date-input__input govuk-input--width-2"
                name="hour"
                placeholder="00"
                required=""
                role="spinbutton"
                value=""
              />
            </div>
            <div
              class="govuk-date-input__item"
            >
              <label
                class="govuk-label lbh-label"
                for="appointment-form-time-field-minute"
              />
              <input
                aria-label="Minute"
                aria-valuemax="59"
                aria-valuemin="0"
                class="govuk-input lbh-input govuk-date-input__input govuk-input--width-2"
                name="minute"
                placeholder="00"
                required=""
                role="spinbutton"
                value=""
              />
            </div>
            <div
              class="govuk-date-input__item"
            >
              <label
                class="govuk-label lbh-label"
                for="appointment-form-time-field-amPm"
              />
              <select
                aria-label="AM/PM"
                class="govuk-select lbh-select"
                id="amPm"
                name="amPm"
              >
                <option
                  value=""
                >
                  AM/PM
                </option>
                <option
                  value="am"
                >
                  AM
                </option>
                <option
                  value="pm"
                >
                  PM
                </option>
              </select>
            </div>
          </div>
        </fieldset>
      </div>
      <button
        class="govuk-button lbh-button"
        disabled=""
        style="width: 222px;"
        type="submit"
      >
        Continue
      </button>
    </form>
  </div>
</div>
`;
