// Jest Snapshot v1, https://goo.gl/fbAQLP

exports[`changeofname/change-of-name-view it renders ChangeOfNameSideBar correctly 1`] = `
<div>
  <div
    data-testid="mtfh-stepper-change-of-name"
  >
    <div
      class="mtfh-stepper mtfh-stepper--large mtfh-stepper--active"
    >
      <ol
        class="mtfh-stepper"
      >
        <li
          class="mtfh-stepper__step mtfh-stepper__step--active"
        >
          <div
            class="mtfh-stepper__header"
          >
            <h4
              class="lbh-heading-h4 mtfh-stepper__title"
            >
              <span
                class="mtfh-stepper__circle mtfh-stepper__circle--number"
              >
                <span
                  class="mtfh-stepper__circle-inner"
                >
                  <span
                    class="mtfh-stepper__circle-background"
                  >
                    <span
                      class="govuk-visually-hidden"
                    >
                      Step
                    </span>
                    1
                  </span>
                </span>
              </span>
              <span>
                <button
                  class="mtfh-stepper__button mtfh-stepper__button--title"
                >
                  <span>
                    Tenant's new name
                  </span>
                </button>
              </span>
            </h4>
          </div>
        </li>
        <li
          class="mtfh-stepper__step"
        >
          <div
            class="mtfh-stepper__header"
          >
            <h4
              class="lbh-heading-h4 mtfh-stepper__title"
            >
              <span
                class="mtfh-stepper__circle mtfh-stepper__circle--number"
              >
                <span
                  class="mtfh-stepper__circle-inner"
                >
                  <span
                    class="mtfh-stepper__circle-background"
                  >
                    <span
                      class="govuk-visually-hidden"
                    >
                      Step
                    </span>
                    2
                  </span>
                </span>
              </span>
              <span>
                <button
                  class="mtfh-stepper__button mtfh-stepper__button--title"
                >
                  <span>
                    Request Documents
                  </span>
                </button>
              </span>
            </h4>
          </div>
        </li>
        <li
          class="mtfh-stepper__step"
        >
          <div
            class="mtfh-stepper__header"
          >
            <h4
              class="lbh-heading-h4 mtfh-stepper__title"
            >
              <span
                class="mtfh-stepper__circle mtfh-stepper__circle--number"
              >
                <span
                  class="mtfh-stepper__circle-inner"
                >
                  <span
                    class="mtfh-stepper__circle-background"
                  >
                    <span
                      class="govuk-visually-hidden"
                    >
                      Step
                    </span>
                    3
                  </span>
                </span>
              </span>
              <span>
                <button
                  class="mtfh-stepper__button mtfh-stepper__button--title"
                >
                  <span>
                    Review Documents
                  </span>
                </button>
              </span>
            </h4>
          </div>
        </li>
        <li
          class="mtfh-stepper__step"
        >
          <div
            class="mtfh-stepper__header"
          >
            <h4
              class="lbh-heading-h4 mtfh-stepper__title"
            >
              <span
                class="mtfh-stepper__circle mtfh-stepper__circle--number"
              >
                <span
                  class="mtfh-stepper__circle-inner"
                >
                  <span
                    class="mtfh-stepper__circle-background"
                  >
                    <span
                      class="govuk-visually-hidden"
                    >
                      Step
                    </span>
                    4
                  </span>
                </span>
              </span>
              <span>
                <button
                  class="mtfh-stepper__button mtfh-stepper__button--title"
                >
                  <span>
                    Submit case
                  </span>
                </button>
              </span>
            </h4>
          </div>
        </li>
        <li
          class="mtfh-stepper__step"
        >
          <div
            class="mtfh-stepper__header"
          >
            <h4
              class="lbh-heading-h4 mtfh-stepper__title"
            >
              <span
                class="mtfh-stepper__circle mtfh-stepper__circle--number"
              >
                <span
                  class="mtfh-stepper__circle-inner"
                >
                  <span
                    class="mtfh-stepper__circle-background"
                  >
                    <span
                      class="govuk-visually-hidden"
                    >
                      Step
                    </span>
                    5
                  </span>
                </span>
              </span>
              <span>
                <button
                  class="mtfh-stepper__button mtfh-stepper__button--title"
                >
                  <span>
                    Finish
                  </span>
                </button>
              </span>
            </h4>
          </div>
        </li>
      </ol>
    </div>
  </div>
  <button
    class="govuk-button lbh-button govuk-button--secondary lbh-button--secondary"
    type="button"
  >
    Reassign case
  </button>
  <button
    class="govuk-button lbh-button govuk-button--secondary lbh-button--secondary"
    type="button"
  >
    Cancel process
  </button>
  <a
    class="govuk-button lbh-button govuk-button--secondary lbh-button--secondary"
    href="/activities/process/ab/undefined"
  >
    Case activity history
  </a>
</div>
`;

exports[`changeofname/change-of-name-view it renders ChangeOfNameView correctly on state EnterNewName 1`] = `
<div>
  <h2
    class="lbh-heading-h2"
  >
    <div>
      <a
        class="govuk-link lbh-link lbh-link--no-visited-state"
        href="/person/6fbe024f-2316-4265-a6e8-d65a837e308a"
        target="_blank"
      >
        Haylee
         
        Macejkovic
      </a>
    </div>
  </h2>
  <div
    data-testid="changeofname-EnterNewName"
  >
    <h3
      class="lbh-heading-h3"
    >
      Enter tenant's new name
    </h3>
    <form
      action="#"
      class="mtfh-person-form"
      id="person-form"
    >
      <div
        class="govuk-form-group lbh-form-group"
        id="person-form-new-tenant-name"
      >
        <label
          class="govuk-label lbh-label"
          for="person-form-new-tenant-name-field"
        >
          
        </label>
        <div
          class="govuk-form-group lbh-form-group"
          id="person-form-title"
        >
          <label
            class="govuk-label lbh-label"
            for="person-form-title-field"
          >
            Title
            <sup
              aria-hidden="true"
            >
              *
            </sup>
          </label>
          <select
            class="govuk-select lbh-select mtfh-person-form__input--contained"
            id="person-form-title-field"
            name="title"
            required=""
          >
            <option
              value=""
            >
              Select Title
            </option>
            <option
              value="Mr"
            >
              Mr
            </option>
            <option
              value="Mrs"
            >
              Mrs
            </option>
            <option
              value="Miss"
            >
              Miss
            </option>
            <option
              value="Ms"
            >
              Ms
            </option>
            <option
              value="Dr"
            >
              Dr
            </option>
            <option
              value="Master"
            >
              Master
            </option>
            <option
              value="Rabbi"
            >
              Rabbi
            </option>
            <option
              value="Reverend"
            >
              Reverend
            </option>
            <option
              value="Other"
            >
              Other
            </option>
          </select>
        </div>
        <div
          class="govuk-form-group lbh-form-group"
          id="person-form-firstName"
        >
          <label
            class="govuk-label lbh-label"
            for="person-form-firstName-field"
          >
            First name
            <sup
              aria-hidden="true"
            >
              *
            </sup>
          </label>
          <input
            class="govuk-input lbh-input"
            id="person-form-firstName-field"
            name="firstName"
            placeholder="Enter first name"
            required=""
            value=""
          />
        </div>
        <div
          class="govuk-form-group lbh-form-group"
          id="person-form-middleName"
        >
          <label
            class="govuk-label lbh-label"
            for="person-form-middleName-field"
          >
            Middle name
            
          </label>
          <input
            class="govuk-input lbh-input"
            id="person-form-middleName-field"
            name="middleName"
            placeholder="Enter Middle name"
            value=""
          />
        </div>
        <div
          class="govuk-form-group lbh-form-group"
          id="person-form-surname"
        >
          <label
            class="govuk-label lbh-label"
            for="person-form-surname-field"
          >
            Last name
            <sup
              aria-hidden="true"
            >
              *
            </sup>
          </label>
          <input
            class="govuk-input lbh-input"
            id="person-form-surname-field"
            name="surname"
            placeholder="Enter last name"
            required=""
            value=""
          />
        </div>
      </div>
      <div
        class="start-process__actions"
      >
        <button
          class="govuk-button lbh-button"
          disabled=""
          type="submit"
        >
          Next
        </button>
      </div>
    </form>
  </div>
</div>
`;
