// Jest Snapshot v1, https://goo.gl/fbAQLP

exports[`ho-review-view it renders ReviewApplication view correctly for HOApprovalPassed state 1`] = `
<div>
  <div
    data-testid="soletojoint-ReviewApplication"
  >
    <div
      class="mtfh-box mtfh-box--success"
    >
      <div
        class="mtfh-status-heading"
      >
        <svg
          fill="none"
          height="45"
          viewBox="0 0 45 45"
          width="45"
          xmlns="http://www.w3.org/2000/svg"
        >
          <circle
            cx="22.5"
            cy="22.5"
            fill="white"
            r="21.75"
            stroke="#00664F"
            stroke-width="1.5"
          />
          <path
            clip-rule="evenodd"
            d="M35 15.5127L18.775 33L11 24.6201L14.2591 21.1074L18.775 25.9746L31.7409 12L35 15.5127Z"
            fill="#00664F"
            fill-rule="evenodd"
          />
        </svg>
        <h4
          class="lbh-heading-h4 mtfh-status-heading__title"
        >
          Eligibility checks passed
        </h4>
      </div>
      <button
        class="govuk-link lbh-link"
        style="margin-left: 60px; margin-top: 8px;"
      >
        Show all eligibility checks
      </button>
    </div>
    <div
      class="mtfh-box mtfh-box--success"
    >
      <div
        class="mtfh-status-heading"
      >
        <svg
          fill="none"
          height="45"
          viewBox="0 0 45 45"
          width="45"
          xmlns="http://www.w3.org/2000/svg"
        >
          <circle
            cx="22.5"
            cy="22.5"
            fill="white"
            r="21.75"
            stroke="#00664F"
            stroke-width="1.5"
          />
          <path
            clip-rule="evenodd"
            d="M35 15.5127L18.775 33L11 24.6201L14.2591 21.1074L18.775 25.9746L31.7409 12L35 15.5127Z"
            fill="#00664F"
            fill-rule="evenodd"
          />
        </svg>
        <h4
          class="lbh-heading-h4 mtfh-status-heading__title"
        >
          Supporting documents approved
        </h4>
      </div>
      <p
        class="lbh-body-m govuk-link lbh-link lbh-link--no-visited-state"
        style="margin-left: 60px; margin-top: 8px;"
      >
        <a
          class="govuk-link lbh-link lbh-link--no-visited-state"
          href="http://des/teams/1/dashboard/requests"
          target="_blank"
        >
          View documents on the Document Evidence Store
        </a>
      </p>
    </div>
    <div
      class="mtfh-box"
    >
      <div
        class="mtfh-status-box"
      >
        <svg
          fill="none"
          height="45"
          viewBox="0 0 45 45"
          width="45"
          xmlns="http://www.w3.org/2000/svg"
        >
          <circle
            cx="22.5"
            cy="22.5"
            fill="white"
            r="21.75"
            stroke="#0B0C0C"
            stroke-width="1.5"
          />
          <path
            d="M20.2251 12.7026C20.2251 11.1991 21.0627 10.4473 22.7378 10.4473C24.4129 10.4473 25.2505 11.1991 25.2505 12.7026C25.2505 13.4191 25.0386 13.9792 24.6147 14.3828C24.201 14.7764 23.5754 14.9731 22.7378 14.9731C21.0627 14.9731 20.2251 14.2163 20.2251 12.7026ZM25.0386 34H20.4219V17.0771H25.0386V34Z"
            fill="#0B0C0C"
          />
        </svg>
        <div>
          <div
            class="mtfh-status-heading__title"
          >
            <h4
              class="lbh-heading-h4"
            >
              Tenure investigator recommendation: Interview Applicant
            </h4>
          </div>
        </div>
      </div>
    </div>
    <div
      class="mtfh-box mtfh-box--success"
    >
      <div
        class="mtfh-status-box"
      >
        <svg
          fill="none"
          height="45"
          viewBox="0 0 45 45"
          width="45"
          xmlns="http://www.w3.org/2000/svg"
        >
          <circle
            cx="22.5"
            cy="22.5"
            fill="white"
            r="21.75"
            stroke="#00664F"
            stroke-width="1.5"
          />
          <path
            clip-rule="evenodd"
            d="M35 15.5127L18.775 33L11 24.6201L14.2591 21.1074L18.775 25.9746L31.7409 12L35 15.5127Z"
            fill="#00664F"
            fill-rule="evenodd"
          />
        </svg>
        <div>
          <div
            class="mtfh-status-heading__title"
          >
            <h4
              class="lbh-heading-h4"
            >
              Housing Officer reviewed and Area Housing Manager: Approve application
            </h4>
          </div>
          <p
            class="lbh-body-m"
          >
            Test
          </p>
        </div>
      </div>
    </div>
    <div
      class="mtfh-box mtfh-box--success"
    >
      <div
        class="mtfh-status-box"
      >
        <svg
          fill="none"
          height="45"
          viewBox="0 0 45 45"
          width="45"
          xmlns="http://www.w3.org/2000/svg"
        >
          <circle
            cx="22.5"
            cy="22.5"
            fill="white"
            r="21.75"
            stroke="#00664F"
            stroke-width="1.5"
          />
          <path
            clip-rule="evenodd"
            d="M35 15.5127L18.775 33L11 24.6201L14.2591 21.1074L18.775 25.9746L31.7409 12L35 15.5127Z"
            fill="#00664F"
            fill-rule="evenodd"
          />
        </svg>
        <div>
          <div
            class="mtfh-status-heading__title"
          >
            <h4
              class="lbh-heading-h4"
            >
              Sole to joint tenure application approved
            </h4>
          </div>
        </div>
      </div>
    </div>
    <h2
      class="lbh-heading-h2"
    >
      Sole to joint tenure application approved, next steps:
    </h2>
    <p
      class="lbh-body-m"
    >
      You must make an office appointment with the applicant to sign a new tenancy agreement
    </p>
    <p
      class="lbh-body-m"
    >
      Global Web Consultant Alverta Denesik
       contact details:
    </p>
    <p
      class="lbh-body-m"
    >
      Phone:
      <span
        style="margin-left: 1em;"
      >
        075949281
      </span>
    </p>
    <p
      class="lbh-body-m"
    >
      Email:
      <span
        style="margin-left: 1em;"
      >
        Gay.Jacobi@hotmail.com
      </span>
    </p>
    <p
      class="lbh-body-m"
    >
      If the contact details are not up to date, please
       
      <a
        class="govuk-link lbh-link lbh-link--no-visited-state"
        href="/processes/soletojoint/e63e68c7-84b0-3a48-b450-896e2c3d7735"
      >
        update the contact details,
         
      </a>
      it will automatically update the tenantâ€™s contact details as well.
    </p>
    <div
      class="govuk-checkboxes__item"
    >
      <input
        checked=""
        class="govuk-checkboxes__input"
        id="condition"
        type="checkbox"
      />
      <label
        class="govuk-label govuk-checkboxes__label"
        for="condition"
      >
        I have made an appointment to check supporting documents
      </label>
    </div>
    <form
      action="#"
      class="request-appointment-form"
      id="request-appointment-form"
      novalidate=""
    >
      <div
        class="govuk-form-group lbh-form-group"
        id="appointment-form-date-time-form-group"
      >
        <label
          class="govuk-label lbh-label"
          for="appointment-form-date-time-form-group-field"
        >
          
        </label>
        <div
          class="govuk-form-group lbh-form-group"
          id="appointment-form-date-time-field-form-group"
          style="display: flex; flex-wrap: wrap; align-items: flex-end; margin-top: 0px;"
        >
          <label
            class="govuk-label lbh-label"
            for="appointment-form-date-time-field-form-group-field"
          >
            
          </label>
          <fieldset
            class="govuk-form-group lbh-form-group mtfh-appointment-form__date"
            id="appointment-form-date"
            style="flex: 1 1 280px;"
          >
            <legend
              class="govuk-label lbh-label"
              for="appointment-form-date-field"
            >
              Date
              <sup
                aria-hidden="true"
              >
                *
              </sup>
            </legend>
            <div
              class="govuk-date-input lbh-date-input"
            >
              <div
                class="govuk-date-input__item"
              >
                <label
                  class="govuk-label lbh-label"
                  for="appointment-form-date-field-day"
                />
                <input
                  aria-label="Day"
                  aria-valuemax="31"
                  aria-valuemin="1"
                  class="govuk-input lbh-input govuk-date-input__input govuk-input--width-2"
                  name="day"
                  placeholder="dd"
                  required=""
                  role="spinbutton"
                  value=""
                />
              </div>
              <div
                class="govuk-date-input__item"
              >
                <label
                  class="govuk-label lbh-label"
                  for="appointment-form-date-field-month"
                />
                <input
                  aria-label="Month"
                  aria-valuemax="12"
                  aria-valuemin="1"
                  class="govuk-input lbh-input govuk-date-input__input govuk-input--width-2"
                  name="month"
                  placeholder="mm"
                  required=""
                  role="spinbutton"
                  value=""
                />
              </div>
              <div
                class="govuk-date-input__item"
              >
                <label
                  class="govuk-label lbh-label"
                  for="appointment-form-date-field-year"
                />
                <input
                  aria-label="Year"
                  class="govuk-input lbh-input govuk-input govuk-date-input__input govuk-input--width-4"
                  name="year"
                  placeholder="yyyy"
                  required=""
                  role="spinbutton"
                  value=""
                />
              </div>
            </div>
          </fieldset>
          <fieldset
            class="govuk-form-group lbh-form-group mtfh-appointment-form__time"
            id="appointment-form-time"
            style="flex: 1 1 280px;"
          >
            <legend
              class="govuk-label lbh-label"
              for="appointment-form-time-field"
            >
              Time
              <sup
                aria-hidden="true"
              >
                *
              </sup>
            </legend>
            <div
              class="govuk-date-input lbh-date-input"
            >
              <div
                class="govuk-date-input__item"
              >
                <label
                  class="govuk-label lbh-label"
                  for="appointment-form-time-field-hour"
                />
                <input
                  aria-label="Hour"
                  aria-valuemax="12"
                  aria-valuemin="0"
                  class="govuk-input lbh-input govuk-date-input__input govuk-input--width-2"
                  name="hour"
                  placeholder="00"
                  required=""
                  role="spinbutton"
                  value=""
                />
              </div>
              <div
                class="govuk-date-input__item"
              >
                <label
                  class="govuk-label lbh-label"
                  for="appointment-form-time-field-minute"
                />
                <input
                  aria-label="Minute"
                  aria-valuemax="59"
                  aria-valuemin="0"
                  class="govuk-input lbh-input govuk-date-input__input govuk-input--width-2"
                  name="minute"
                  placeholder="00"
                  required=""
                  role="spinbutton"
                  value=""
                />
              </div>
              <div
                class="govuk-date-input__item"
              >
                <label
                  class="govuk-label lbh-label"
                  for="appointment-form-time-field-amPm"
                />
                <select
                  aria-label="AM/PM"
                  class="govuk-select lbh-select"
                  id="amPm"
                  name="amPm"
                >
                  <option
                    value=""
                  >
                    AM/PM
                  </option>
                  <option
                    value="am"
                  >
                    AM
                  </option>
                  <option
                    value="pm"
                  >
                    PM
                  </option>
                </select>
              </div>
            </div>
          </fieldset>
        </div>
      </div>
      <button
        class="govuk-button lbh-button"
        disabled=""
        style="width: 245px;"
        type="submit"
      >
        Continue
      </button>
    </form>
  </div>
</div>
`;
