// Jest Snapshot v1, https://goo.gl/fbAQLP

exports[`appointment-form-component it doesnt render appointment form 1`] = `<div />`;

exports[`appointment-form-component it renders appointment form correctly 1`] = `
<div>
  <form
    action="#"
    class="request-appointment-form"
    id="request-appointment-form"
    novalidate=""
  >
    <div
      class="govuk-form-group lbh-form-group"
      id="appointment-form-date-time-form-group"
    >
      <label
        class="govuk-label lbh-label"
        for="appointment-form-date-time-form-group-field"
      >
        
      </label>
      <div
        class="govuk-form-group lbh-form-group"
        id="appointment-form-date-time-field-form-group"
        style="display: flex; flex-wrap: wrap; align-items: flex-end; margin-top: 0px;"
      >
        <label
          class="govuk-label lbh-label"
          for="appointment-form-date-time-field-form-group-field"
        >
          
        </label>
        <fieldset
          class="govuk-form-group lbh-form-group mtfh-appointment-form__date"
          id="appointment-form-date"
          style="flex: 1 1 280px;"
        >
          <legend
            class="govuk-label lbh-label"
            for="appointment-form-date-field"
          >
            Date
            <sup
              aria-hidden="true"
            >
              *
            </sup>
          </legend>
          <div
            class="govuk-date-input lbh-date-input"
          >
            <div
              class="govuk-date-input__item"
            >
              <label
                class="govuk-label lbh-label"
                for="appointment-form-date-field-day"
              />
              <input
                aria-label="Day"
                aria-valuemax="31"
                aria-valuemin="1"
                class="govuk-input lbh-input govuk-date-input__input govuk-input--width-2"
                name="day"
                placeholder="dd"
                required=""
                role="spinbutton"
                value=""
              />
            </div>
            <div
              class="govuk-date-input__item"
            >
              <label
                class="govuk-label lbh-label"
                for="appointment-form-date-field-month"
              />
              <input
                aria-label="Month"
                aria-valuemax="12"
                aria-valuemin="1"
                class="govuk-input lbh-input govuk-date-input__input govuk-input--width-2"
                name="month"
                placeholder="mm"
                required=""
                role="spinbutton"
                value=""
              />
            </div>
            <div
              class="govuk-date-input__item"
            >
              <label
                class="govuk-label lbh-label"
                for="appointment-form-date-field-year"
              />
              <input
                aria-label="Year"
                class="govuk-input lbh-input govuk-input govuk-date-input__input govuk-input--width-4"
                name="year"
                placeholder="yyyy"
                required=""
                role="spinbutton"
                value=""
              />
            </div>
          </div>
        </fieldset>
        <fieldset
          class="govuk-form-group lbh-form-group mtfh-appointment-form__time"
          id="appointment-form-time"
          style="flex: 1 1 280px;"
        >
          <legend
            class="govuk-label lbh-label"
            for="appointment-form-time-field"
          >
            Time
            <sup
              aria-hidden="true"
            >
              *
            </sup>
          </legend>
          <div
            class="govuk-date-input lbh-date-input"
          >
            <div
              class="govuk-date-input__item"
            >
              <label
                class="govuk-label lbh-label"
                for="appointment-form-time-field-hour"
              />
              <input
                aria-label="Hour"
                aria-valuemax="12"
                aria-valuemin="0"
                class="govuk-input lbh-input govuk-date-input__input govuk-input--width-2"
                name="hour"
                placeholder="00"
                required=""
                role="spinbutton"
                value=""
              />
            </div>
            <div
              class="govuk-date-input__item"
            >
              <label
                class="govuk-label lbh-label"
                for="appointment-form-time-field-minute"
              />
              <input
                aria-label="Minute"
                aria-valuemax="59"
                aria-valuemin="0"
                class="govuk-input lbh-input govuk-date-input__input govuk-input--width-2"
                name="minute"
                placeholder="00"
                required=""
                role="spinbutton"
                value=""
              />
            </div>
            <div
              class="govuk-date-input__item"
            >
              <label
                class="govuk-label lbh-label"
                for="appointment-form-time-field-amPm"
              />
              <select
                aria-label="AM/PM"
                class="govuk-select lbh-select"
                id="amPm"
                name="amPm"
              >
                <option
                  value=""
                >
                  AM/PM
                </option>
                <option
                  value="am"
                >
                  AM
                </option>
                <option
                  value="pm"
                >
                  PM
                </option>
              </select>
            </div>
          </div>
        </fieldset>
      </div>
    </div>
    <button
      class="govuk-button lbh-button"
      disabled=""
      style="width: 222px;"
      type="submit"
    >
      Continue
    </button>
  </form>
</div>
`;
